2026-05-27T08:56:42.948+01:00  INFO 8408 --- [ArinPay] [restartedMain] ndgroups.ArinPay.ArinPayApplication      : Starting ArinPayApplication using Java 25.0.1 with PID 8408 (C:\Users\USXER\Documents\projects\ArinPay-app\ArinPay\target\classes started by USXER in C:\Users\USXER\Documents\projects\ArinPay-app\ArinPay)
2026-05-27T08:56:43.023+01:00  INFO 8408 --- [ArinPay] [restartedMain] ndgroups.ArinPay.ArinPayApplication      : No active profile set, falling back to 1 default profile: "default"
2026-05-27T08:56:44.047+01:00  INFO 8408 --- [ArinPay] [restartedMain] .e.DevToolsPropertyDefaultsPostProcessor : Devtools property defaults active! Set 'spring.devtools.add-properties' to 'false' to disable
2026-05-27T08:56:44.049+01:00  INFO 8408 --- [ArinPay] [restartedMain] .e.DevToolsPropertyDefaultsPostProcessor : For additional web related logging consider setting the 'logging.level.web' property to 'DEBUG'
2026-05-27T08:56:49.789+01:00  INFO 8408 --- [ArinPay] [restartedMain] .s.d.r.c.RepositoryConfigurationDelegate : Bootstrapping Spring Data JPA repositories in DEFAULT mode.
2026-05-27T08:56:50.279+01:00  INFO 8408 --- [ArinPay] [restartedMain] .s.d.r.c.RepositoryConfigurationDelegate : Finished Spring Data repository scanning in 398 ms. Found 3 JPA repository interfaces.
2026-05-27T08:57:07.227+01:00  INFO 8408 --- [ArinPay] [restartedMain] o.s.boot.tomcat.TomcatWebServer          : Tomcat initialized with port 8000 (http)
2026-05-27T08:57:07.522+01:00  INFO 8408 --- [ArinPay] [restartedMain] o.apache.catalina.core.StandardService   : Starting service [Tomcat]
2026-05-27T08:57:07.523+01:00  INFO 8408 --- [ArinPay] [restartedMain] o.apache.catalina.core.StandardEngine    : Starting Servlet engine: [Apache Tomcat/11.0.21]
2026-05-27T08:57:08.361+01:00  INFO 8408 --- [ArinPay] [restartedMain] b.w.c.s.WebApplicationContextInitializer : Root WebApplicationContext: initialization completed in 24310 ms
2026-05-27T08:57:10.870+01:00  INFO 8408 --- [ArinPay] [restartedMain] org.hibernate.orm.jpa                    : HHH008540: Processing PersistenceUnitInfo [name: default]
2026-05-27T08:57:18.390+01:00  INFO 8408 --- [ArinPay] [restartedMain] org.hibernate.orm.core                   : HHH000001: Hibernate ORM core version 7.2.12.Final
2026-05-27T08:57:31.509+01:00  INFO 8408 --- [ArinPay] [restartedMain] o.s.o.j.p.SpringPersistenceUnitInfo      : No LoadTimeWeaver setup: ignoring JPA class transformer
2026-05-27T08:57:32.069+01:00  INFO 8408 --- [ArinPay] [restartedMain] com.zaxxer.hikari.HikariDataSource       : HikariPool-1 - Starting...
2026-05-27T08:57:44.325+01:00  INFO 8408 --- [ArinPay] [restartedMain] com.zaxxer.hikari.pool.HikariPool        : HikariPool-1 - Added connection com.mysql.cj.jdbc.ConnectionImpl@64a95178
2026-05-27T08:57:44.464+01:00  INFO 8408 --- [ArinPay] [restartedMain] com.zaxxer.hikari.HikariDataSource       : HikariPool-1 - Start completed.
2026-05-27T08:57:47.225+01:00  INFO 8408 --- [ArinPay] [restartedMain] org.hibernate.orm.connections.pooling    : HHH10001005: Database info:
	Database JDBC URL [jdbc:mysql://mysql-3aa44468-mbrailway.i.aivencloud.com:10020/ArinPay]
	Database driver: MySQL Connector/J
	Database dialect: MySQLDialect
	Database version: 8.0.45
	Default catalog/schema: ArinPay/undefined
	Autocommit mode: undefined/unknown
	Isolation level: REPEATABLE_READ [default REPEATABLE_READ]
	JDBC fetch size: none
	Pool: DataSourceConnectionProvider
	Minimum pool size: undefined/unknown
	Maximum pool size: undefined/unknown
2026-05-27T08:57:58.372+01:00  INFO 8408 --- [ArinPay] [restartedMain] org.hibernate.orm.core                   : HHH000489: No JTA platform available (set 'hibernate.transaction.jta.platform' to enable JTA platform integration)
2026-05-27T08:58:01.741+01:00  INFO 8408 --- [ArinPay] [restartedMain] j.LocalContainerEntityManagerFactoryBean : Initialized JPA EntityManagerFactory for persistence unit 'default'
2026-05-27T08:58:02.407+01:00  INFO 8408 --- [ArinPay] [restartedMain] o.s.d.j.r.query.QueryEnhancerFactories   : Hibernate is in classpath; If applicable, HQL parser will be used.
2026-05-27T08:58:03.356+01:00  WARN 8408 --- [ArinPay] [restartedMain] JpaBaseConfiguration$JpaWebConfiguration : spring.jpa.open-in-view is enabled by default. Therefore, database queries may be performed during view rendering. Explicitly configure spring.jpa.open-in-view to disable this warning
2026-05-27T08:58:03.644+01:00  INFO 8408 --- [ArinPay] [restartedMain] r$InitializeUserDetailsManagerConfigurer : Global AuthenticationManager configured with UserDetailsService bean with name customUserDetailsService
2026-05-27T08:58:06.007+01:00  INFO 8408 --- [ArinPay] [restartedMain] o.s.b.h.a.H2ConsoleAutoConfiguration     : H2 console available at '/h2-console'. Database available at 'jdbc:mysql://mysql-3aa44468-mbrailway.i.aivencloud.com:10020/ArinPay'
2026-05-27T08:58:07.394+01:00  INFO 8408 --- [ArinPay] [restartedMain] o.s.boot.tomcat.TomcatWebServer          : Tomcat started on port 8000 (http) with context path '/'
2026-05-27T08:58:07.427+01:00  INFO 8408 --- [ArinPay] [restartedMain] ndgroups.ArinPay.ArinPayApplication      : Started ArinPayApplication in 91.036 seconds (process running for 115.118)
2026-05-27T09:01:36.840+01:00  INFO 8408 --- [ArinPay] [http-nio-8000-exec-1] o.a.c.c.C.[Tomcat].[localhost].[/]       : Initializing Spring DispatcherServlet 'dispatcherServlet'
2026-05-27T09:01:36.841+01:00  INFO 8408 --- [ArinPay] [http-nio-8000-exec-1] o.s.web.servlet.DispatcherServlet        : Initializing Servlet 'dispatcherServlet'
2026-05-27T09:01:36.844+01:00  INFO 8408 --- [ArinPay] [http-nio-8000-exec-1] o.s.web.servlet.DispatcherServlet        : Completed initialization in 3 ms
2026-05-27T09:09:16.533+01:00  INFO 8408 --- [ArinPay] [File Watcher] rtingClassPathChangeChangedEventListener : Restarting due to 32 class path changes (0 additions, 32 deletions, 0 modifications)
2026-05-27T09:09:16.569+01:00  INFO 8408 --- [ArinPay] [Thread-1] o.s.boot.tomcat.GracefulShutdown         : Commencing graceful shutdown. Waiting for active requests to complete
2026-05-27T09:09:16.592+01:00  INFO 8408 --- [ArinPay] [tomcat-shutdown] o.s.boot.tomcat.GracefulShutdown         : Graceful shutdown complete
2026-05-27T09:09:16.616+01:00  INFO 8408 --- [ArinPay] [Thread-1] j.LocalContainerEntityManagerFactoryBean : Closing JPA EntityManagerFactory for persistence unit 'default'
2026-05-27T09:09:16.622+01:00  INFO 8408 --- [ArinPay] [Thread-1] com.zaxxer.hikari.HikariDataSource       : HikariPool-1 - Shutdown initiated...
2026-05-27T09:09:17.393+01:00  INFO 8408 --- [ArinPay] [Thread-1] com.zaxxer.hikari.HikariDataSource       : HikariPool-1 - Shutdown completed.
2026-05-27T09:09:53.665+01:00  INFO 8408 --- [ArinPay] [restartedMain] ndgroups.ArinPay.ArinPayApplication      : Starting ArinPayApplication using Java 25.0.1 with PID 8408 (C:\Users\USXER\Documents\projects\ArinPay-app\ArinPay\target\classes started by USXER in C:\Users\USXER\Documents\projects\ArinPay-app\ArinPay)
2026-05-27T09:09:53.666+01:00  INFO 8408 --- [ArinPay] [restartedMain] ndgroups.ArinPay.ArinPayApplication      : No active profile set, falling back to 1 default profile: "default"
2026-05-27T09:09:54.203+01:00  INFO 8408 --- [ArinPay] [restartedMain] .s.d.r.c.RepositoryConfigurationDelegate : Bootstrapping Spring Data JPA repositories in DEFAULT mode.
2026-05-27T09:09:54.218+01:00  INFO 8408 --- [ArinPay] [restartedMain] .s.d.r.c.RepositoryConfigurationDelegate : Finished Spring Data repository scanning in 11 ms. Found 0 JPA repository interfaces.
2026-05-27T09:09:54.391+01:00  INFO 8408 --- [ArinPay] [restartedMain] o.s.boot.tomcat.TomcatWebServer          : Tomcat initialized with port 8000 (http)
2026-05-27T09:09:54.393+01:00  INFO 8408 --- [ArinPay] [restartedMain] o.apache.catalina.core.StandardService   : Starting service [Tomcat]
2026-05-27T09:09:54.393+01:00  INFO 8408 --- [ArinPay] [restartedMain] o.apache.catalina.core.StandardEngine    : Starting Servlet engine: [Apache Tomcat/11.0.21]
2026-05-27T09:09:54.475+01:00  INFO 8408 --- [ArinPay] [restartedMain] b.w.c.s.WebApplicationContextInitializer : Root WebApplicationContext: initialization completed in 805 ms
2026-05-27T09:09:54.547+01:00  INFO 8408 --- [ArinPay] [restartedMain] org.hibernate.orm.jpa                    : HHH008540: Processing PersistenceUnitInfo [name: default]
2026-05-27T09:09:54.628+01:00  INFO 8408 --- [ArinPay] [restartedMain] o.s.o.j.p.SpringPersistenceUnitInfo      : No LoadTimeWeaver setup: ignoring JPA class transformer
2026-05-27T09:09:54.629+01:00  INFO 8408 --- [ArinPay] [restartedMain] com.zaxxer.hikari.HikariDataSource       : HikariPool-3 - Starting...
2026-05-27T09:10:08.018+01:00  INFO 8408 --- [ArinPay] [restartedMain] com.zaxxer.hikari.pool.HikariPool        : HikariPool-3 - Added connection com.mysql.cj.jdbc.ConnectionImpl@154a31b2
2026-05-27T09:10:08.020+01:00  INFO 8408 --- [ArinPay] [restartedMain] com.zaxxer.hikari.HikariDataSource       : HikariPool-3 - Start completed.
2026-05-27T09:10:09.432+01:00  INFO 8408 --- [ArinPay] [restartedMain] org.hibernate.orm.connections.pooling    : HHH10001005: Database info:
	Database JDBC URL [jdbc:mysql://mysql-3aa44468-mbrailway.i.aivencloud.com:10020/ArinPay]
	Database driver: MySQL Connector/J
	Database dialect: MySQLDialect
	Database version: 8.0.45
	Default catalog/schema: ArinPay/undefined
	Autocommit mode: undefined/unknown
	Isolation level: REPEATABLE_READ [default REPEATABLE_READ]
	JDBC fetch size: none
	Pool: DataSourceConnectionProvider
	Minimum pool size: undefined/unknown
	Maximum pool size: undefined/unknown
2026-05-27T09:10:09.536+01:00  INFO 8408 --- [ArinPay] [restartedMain] org.hibernate.orm.core                   : HHH000489: No JTA platform available (set 'hibernate.transaction.jta.platform' to enable JTA platform integration)
2026-05-27T09:10:09.538+01:00  INFO 8408 --- [ArinPay] [restartedMain] j.LocalContainerEntityManagerFactoryBean : Initialized JPA EntityManagerFactory for persistence unit 'default'
2026-05-27T09:10:09.582+01:00  WARN 8408 --- [ArinPay] [restartedMain] JpaBaseConfiguration$JpaWebConfiguration : spring.jpa.open-in-view is enabled by default. Therefore, database queries may be performed during view rendering. Explicitly configure spring.jpa.open-in-view to disable this warning
2026-05-27T09:10:09.691+01:00  WARN 8408 --- [ArinPay] [restartedMain] .s.a.UserDetailsServiceAutoConfiguration : 

Using generated security password: acd2bde7-6047-43bf-b444-cbe668dfda7b

This generated password is for development use only. Your security configuration must be updated before running your application in production.

2026-05-27T09:10:09.709+01:00  INFO 8408 --- [ArinPay] [restartedMain] r$InitializeUserDetailsManagerConfigurer : Global AuthenticationManager configured with UserDetailsService bean with name inMemoryUserDetailsManager
2026-05-27T09:10:09.743+01:00  INFO 8408 --- [ArinPay] [restartedMain] o.s.b.h.a.H2ConsoleAutoConfiguration     : H2 console available at '/h2-console'. Database available at 'jdbc:mysql://mysql-3aa44468-mbrailway.i.aivencloud.com:10020/ArinPay'
2026-05-27T09:10:09.771+01:00  INFO 8408 --- [ArinPay] [restartedMain] o.s.boot.tomcat.TomcatWebServer          : Tomcat started on port 8000 (http) with context path '/'
2026-05-27T09:10:09.776+01:00  INFO 8408 --- [ArinPay] [restartedMain] ndgroups.ArinPay.ArinPayApplication      : Started ArinPayApplication in 16.3 seconds (process running for 837.467)
2026-05-27T09:10:09.783+01:00  INFO 8408 --- [ArinPay] [restartedMain] .ConditionEvaluationDeltaLoggingListener : Condition evaluation delta:


==========================
CONDITION EVALUATION DELTA
==========================


Positive matches:
-----------------

   ServletWebSecurityAutoConfiguration.EnableWebSecurityConfiguration matched:
      - @ConditionalOnClass found required class 'org.springframework.security.config.annotation.web.configuration.EnableWebSecurity' (OnClassCondition)
      - @ConditionalOnMissingBean (names: springSecurityFilterChain; SearchStrategy: all) did not find any beans (OnBeanCondition)

   ServletWebSecurityAutoConfiguration.SecurityFilterChainConfiguration matched:
      - AllNestedConditions 2 matched 0 did not; NestedCondition on DefaultWebSecurityCondition.Beans @ConditionalOnMissingBean (types: org.springframework.security.web.SecurityFilterChain; SearchStrategy: all) did not find any beans; NestedCondition on DefaultWebSecurityCondition.Classes @ConditionalOnClass found required classes 'org.springframework.security.web.SecurityFilterChain', 'org.springframework.security.config.annotation.web.builders.HttpSecurity' (DefaultWebSecurityCondition)

   UserDetailsServiceAutoConfiguration matched:
      - @ConditionalOnClass found required class 'org.springframework.security.authentication.AuthenticationManager' (OnClassCondition)
      - found 'session' scope (OnWebApplicationCondition)
      - AnyNestedCondition 1 matched 2 did not; NestedCondition on MissingAlternativeUserDetailsManagerOrUserPropertiesConfigured.PasswordConfigured @ConditionalOnProperty (spring.security.user.password) did not find property 'spring.security.user.password'; NestedCondition on MissingAlternativeUserDetailsManagerOrUserPropertiesConfigured.NameConfigured @ConditionalOnProperty (spring.security.user.name) did not find property 'spring.security.user.name'; NestedCondition on MissingAlternativeUserDetailsManagerOrUserPropertiesConfigured.MissingAlternative @ConditionalOnMissingClass did not find unwanted classes 'org.springframework.security.oauth2.client.registration.ClientRegistrationRepository', 'org.springframework.security.oauth2.server.resource.introspection.OpaqueTokenIntrospector', 'org.springframework.security.saml2.provider.service.registration.RelyingPartyRegistrationRepository' (MissingAlternativeUserDetailsManagerOrUserPropertiesConfigured)
      - @ConditionalOnMissingBean (types: org.springframework.security.authentication.AuthenticationManager,org.springframework.security.authentication.AuthenticationProvider,org.springframework.security.core.userdetails.UserDetailsService,org.springframework.security.authentication.AuthenticationManagerResolver,org.springframework.security.oauth2.jwt.JwtDecoder; SearchStrategy: all) did not find any beans (OnBeanCondition)


Negative matches:
-----------------

    None


Exclusions:
-----------

    None


Unconditional classes:
----------------------

    None



2026-05-27T09:10:29.823+01:00  INFO 6312 --- [ArinPay] [main] n.ArinPay.ArinPayApplicationTests        : Starting ArinPayApplicationTests using Java 25.0.1 with PID 6312 (started by USXER in C:\Users\USXER\Documents\projects\ArinPay-app\ArinPay)
2026-05-27T09:10:29.826+01:00  INFO 6312 --- [ArinPay] [main] n.ArinPay.ArinPayApplicationTests        : No active profile set, falling back to 1 default profile: "default"
2026-05-27T09:10:31.979+01:00  INFO 6312 --- [ArinPay] [main] .s.d.r.c.RepositoryConfigurationDelegate : Bootstrapping Spring Data JPA repositories in DEFAULT mode.
2026-05-27T09:10:32.181+01:00  INFO 6312 --- [ArinPay] [main] .s.d.r.c.RepositoryConfigurationDelegate : Finished Spring Data repository scanning in 184 ms. Found 3 JPA repository interfaces.
2026-05-27T09:10:33.661+01:00  INFO 6312 --- [ArinPay] [main] org.hibernate.orm.jpa                    : HHH008540: Processing PersistenceUnitInfo [name: default]
2026-05-27T09:10:34.142+01:00  INFO 6312 --- [ArinPay] [main] org.hibernate.orm.core                   : HHH000001: Hibernate ORM core version 7.2.12.Final
2026-05-27T09:10:36.256+01:00  INFO 6312 --- [ArinPay] [main] o.s.o.j.p.SpringPersistenceUnitInfo      : No LoadTimeWeaver setup: ignoring JPA class transformer
2026-05-27T09:10:36.529+01:00  INFO 6312 --- [ArinPay] [main] com.zaxxer.hikari.HikariDataSource       : HikariPool-1 - Starting...
2026-05-27T09:10:50.927+01:00  INFO 6312 --- [ArinPay] [main] com.zaxxer.hikari.pool.HikariPool        : HikariPool-1 - Added connection com.mysql.cj.jdbc.ConnectionImpl@1e1ea16d
2026-05-27T09:10:50.936+01:00  INFO 6312 --- [ArinPay] [main] com.zaxxer.hikari.HikariDataSource       : HikariPool-1 - Start completed.
2026-05-27T09:10:54.504+01:00  INFO 6312 --- [ArinPay] [main] org.hibernate.orm.connections.pooling    : HHH10001005: Database info:
	Database JDBC URL [jdbc:mysql://mysql-3aa44468-mbrailway.i.aivencloud.com:10020/ArinPay]
	Database driver: MySQL Connector/J
	Database dialect: MySQLDialect
	Database version: 8.0.45
	Default catalog/schema: ArinPay/undefined
	Autocommit mode: undefined/unknown
	Isolation level: REPEATABLE_READ [default REPEATABLE_READ]
	JDBC fetch size: none
	Pool: DataSourceConnectionProvider
	Minimum pool size: undefined/unknown
	Maximum pool size: undefined/unknown
2026-05-27T09:10:58.295+01:00  INFO 6312 --- [ArinPay] [main] org.hibernate.orm.core                   : HHH000489: No JTA platform available (set 'hibernate.transaction.jta.platform' to enable JTA platform integration)
2026-05-27T09:11:02.980+01:00  INFO 6312 --- [ArinPay] [main] j.LocalContainerEntityManagerFactoryBean : Initialized JPA EntityManagerFactory for persistence unit 'default'
2026-05-27T09:11:03.206+01:00  INFO 6312 --- [ArinPay] [main] o.s.d.j.r.query.QueryEnhancerFactories   : Hibernate is in classpath; If applicable, HQL parser will be used.
2026-05-27T09:11:03.793+01:00  WARN 6312 --- [ArinPay] [main] JpaBaseConfiguration$JpaWebConfiguration : spring.jpa.open-in-view is enabled by default. Therefore, database queries may be performed during view rendering. Explicitly configure spring.jpa.open-in-view to disable this warning
2026-05-27T09:11:04.073+01:00  INFO 6312 --- [ArinPay] [main] r$InitializeUserDetailsManagerConfigurer : Global AuthenticationManager configured with UserDetailsService bean with name customUserDetailsService
2026-05-27T09:11:05.361+01:00  INFO 6312 --- [ArinPay] [main] n.ArinPay.ArinPayApplicationTests        : Started ArinPayApplicationTests in 36.509 seconds (process running for 41.716)
2026-05-27T09:11:07.369+01:00  INFO 6312 --- [ArinPay] [SpringApplicationShutdownHook] j.LocalContainerEntityManagerFactoryBean : Closing JPA EntityManagerFactory for persistence unit 'default'
2026-05-27T09:11:07.373+01:00  INFO 6312 --- [ArinPay] [SpringApplicationShutdownHook] com.zaxxer.hikari.HikariDataSource       : HikariPool-1 - Shutdown initiated...
2026-05-27T09:11:17.072+01:00  INFO 6312 --- [ArinPay] [SpringApplicationShutdownHook] com.zaxxer.hikari.HikariDataSource       : HikariPool-1 - Shutdown completed.
